﻿
> client@0.0.0 build
> vite build

[36mvite v7.3.1 [32mbuilding client environment for production...[36m[39m
transforming...
[32mΓ£ô[39m 803 modules transformed.
node.exe : [31mΓ£ù[39m 
Build failed in 1.90s
At line:1 char:1
+ & "C:\Program 
Files\nodejs/node.exe" 
"C:\Program 
Files\nodejs/node_mo ...
+ ~~~~~~~~~~~~~~~~~~~~~~~
~~~~~~~~~~~~~~~~~~~~~~~~~
~~~~~~~~~~~~~~~~~~~~~
    + CategoryInfo       
       : NotSpecified:   
  ([31mΓ£ù[39m Build   
  failed in 1.90s:Str    
ing) [], RemoteExcep    
tion
    + FullyQualifiedErro 
   rId : NativeCommandE  
  rror
 
[31merror during build:
[31msrc/pages/student/Su
rvivalArena.jsx (9:14): 
"FiTrophy" is not 
exported by "node_modules
/react-icons/fi/index.mjs
", imported by "src/pages
/student/SurvivalArena.js
x".[31m
file: [36mC:/Users/manim
/OneDrive/Desktop/Kahoot!
/client/src/pages/student
/SurvivalArena.jsx:9:14[
31m
[33m
 7:     FiZap, FiUsers, 
FiAward, FiAlertCircle, 
 8:     FiShield, 
FiTrendingUp, 
FiCheckCircle, FiXCircle,
 9:     FiSearch, 
FiTrophy
                  ^
10: } from 
'react-icons/fi';
11: import 
'./SurvivalArena.css';
[31m
    at getRollupError (fi
le:///C:/Users/manim/OneD
rive/Desktop/Kahoot!/clie
nt/node_modules/rollup/di
st/es/shared/parseAst.js:
402:41)
    at error (file:///C:/
Users/manim/OneDrive/Desk
top/Kahoot!/client/node_m
odules/rollup/dist/es/sha
red/parseAst.js:398:42)
    at Module.error (file
:///C:/Users/manim/OneDri
ve/Desktop/Kahoot!/client
/node_modules/rollup/dist
/es/shared/node-entry.js:
17040:16)
    at 
Module.traceVariable (fil
e:///C:/Users/manim/OneDr
ive/Desktop/Kahoot!/clien
t/node_modules/rollup/dis
t/es/shared/node-entry.js
:17452:29)
    at 
ModuleScope.findVariable 
(file:///C:/Users/manim/O
neDrive/Desktop/Kahoot!/c
lient/node_modules/rollup
/dist/es/shared/node-entr
y.js:15070:39)
    at ReturnValueScope.f
indVariable (file:///C:/U
sers/manim/OneDrive/Deskt
op/Kahoot!/client/node_mo
dules/rollup/dist/es/shar
ed/node-entry.js:5673:38)
    at FunctionBodyScope.
findVariable (file:///C:/
Users/manim/OneDrive/Desk
top/Kahoot!/client/node_m
odules/rollup/dist/es/sha
red/node-entry.js:5673:38
)
    at ReturnValueScope.f
indVariable (file:///C:/U
sers/manim/OneDrive/Deskt
op/Kahoot!/client/node_mo
dules/rollup/dist/es/shar
ed/node-entry.js:5673:38)
    at FunctionBodyScope.
findVariable (file:///C:/
Users/manim/OneDrive/Desk
top/Kahoot!/client/node_m
odules/rollup/dist/es/sha
red/node-entry.js:5673:38
)
    at Identifier.bind (f
ile:///C:/Users/manim/One
Drive/Desktop/Kahoot!/cli
ent/node_modules/rollup/d
ist/es/shared/node-entry.
js:5447:40)[39m
